// Jest Snapshot v1, https://goo.gl/fbAQLP

exports[`IconSwitchListItem component should match snapshot 1`] = `
<View
  style={
    [
      {
        "alignItems": "center",
        "flexDirection": "row",
        "justifyContent": "space-between",
      },
    ]
  }
  testID="iconSwitchListItemId"
>
  <View
    style={
      [
        {
          "flexDirection": "row",
          "justifyContent": "space-between",
        },
      ]
    }
  >
    <View
      style={
        [
          {
            "justifyContent": "flex-start",
            "marginTop": 4,
          },
        ]
      }
    />
    <View
      style={
        [
          {
            "alignItems": "flex-start",
            "justifyContent": "center",
          },
        ]
      }
    >
      <Text
        style={
          [
            {
              "color": "#000000",
              "fontFamily": "Outfit-Medium",
              "fontSize": 14,
              "letterSpacing": 0.16,
              "lineHeight": 19,
              "marginLeft": 8,
              "marginRight": 16,
              "marginTop": 4,
              "paddingHorizontal": 4,
              "textAlign": "left",
            },
          ]
        }
      >
        label
      </Text>
      <Text
        style={
          [
            {
              "color": "#00A360",
              "fontFamily": "Outfit-Regular",
              "fontSize": 13,
              "letterSpacing": 0.16,
              "lineHeight": 18.2,
              "marginLeft": 8,
              "marginRight": 16,
              "marginVertical": 4,
              "paddingHorizontal": 4,
              "textAlign": "left",
            },
          ]
        }
      >
        Activadas
      </Text>
    </View>
  </View>
  <View
    style={
      [
        {
          "alignContent": "center",
          "alignItems": "center",
          "flexDirection": "row",
          "justifyContent": "flex-start",
          "marginTop": 0,
        },
      ]
    }
  >
    <View
      accessibilityRole="switch"
      accessibilityState={
        {
          "busy": undefined,
          "checked": 1,
          "disabled": false,
          "expanded": undefined,
          "selected": undefined,
        }
      }
      accessible={true}
      animatedStyle={
        {
          "value": {
            "backgroundColor": "#000000",
          },
        }
      }
      collapsable={false}
      focusable={true}
      onClick={[Function]}
      onResponderGrant={[Function]}
      onResponderMove={[Function]}
      onResponderRelease={[Function]}
      onResponderTerminate={[Function]}
      onResponderTerminationRequest={[Function]}
      onStartShouldSetResponder={[Function]}
      style={
        {
          "backgroundColor": "#000000",
          "borderRadius": 12,
          "padding": 4,
          "width": 44,
        }
      }
      testID="iconSwitchListItemSwitchId"
    >
      <View
        animatedStyle={
          {
            "value": {
              "transform": [
                {
                  "translateX": 20,
                },
              ],
            },
          }
        }
        collapsable={false}
        style={
          {
            "backgroundColor": "#FFFFFF",
            "borderRadius": 16,
            "height": 16,
            "transform": [
              {
                "translateX": 20,
              },
            ],
            "width": 16,
          }
        }
      />
    </View>
  </View>
</View>
`;
